                        ;************************************
                        ;* Demo using my speaker/switch
                        ;* board.
                        ;*
                        ;* PA0-PA7 = J2 pins 0-7
                        ;* 
                        ;* Adapted from the demo in the
                        ;* KIM-1 manual.
                        ;*
                        ;* NOTE: The sound is SUPER SUPER
                        ;* quiet.  I suspect its because
                        ;* the Altaid is vampiring the voltage
                        ;* from the board.
                        ;************************************
                        
   2000                 			ORG 	2000H
   2000   06 00         INIT: 		MVI	 	B,0			; Set B to initial value of 0
   2002   04            START: 		INR 	B			; Toggle Speaker
   2003   78            			MOV	 	A,B	
   2004   d3 61         			OUT 	61H	 
   2006   db 60         			IN 		60H			; Read buttons
   2008   2f            			CMA
   2009   0f            			RRC		
   200a   e6 7f         			ANI		7FH
   200c   00            DELAY: 		NOP
   200d   00            			NOP
   200e   00            			NOP
   200f   3d            			DCR		A			; Delay by an amount specified
   2010   f2 0c 20      			JP		DELAY		; by the count in A
   2013   fa 02 20      			JM		START		; Go Start
   2016                 			END
200c  DELAY         2000  INIT          2002  START         
